// Jest Snapshot v1, https://goo.gl/fbAQLP

exports[`Button 1`] = `
<button
  className="bg-washed-yellow myClass my-other-class"
  onClick={[Function]}
  type="button"
/>
`;

exports[`Div 1`] = `
<div
  className="bg-washed-yellow myClass my-other-class"
/>
`;
